c:\users\tamari\documents\github\kjinseisaku\2dgame\2dgame\x64\release\vc145.pdb
c:\users\tamari\documents\github\kjinseisaku\2dgame\2dgame\x64\release\shot.obj
c:\users\tamari\documents\github\kjinseisaku\2dgame\2dgame\x64\release\scenetitle.obj
c:\users\tamari\documents\github\kjinseisaku\2dgame\2dgame\x64\release\scenemain.obj
c:\users\tamari\documents\github\kjinseisaku\2dgame\2dgame\x64\release\scenegameover.obj
c:\users\tamari\documents\github\kjinseisaku\2dgame\2dgame\x64\release\scenegameclear.obj
c:\users\tamari\documents\github\kjinseisaku\2dgame\2dgame\x64\release\rect.obj
c:\users\tamari\documents\github\kjinseisaku\2dgame\2dgame\x64\release\player.obj
c:\users\tamari\documents\github\kjinseisaku\2dgame\2dgame\x64\release\pad.obj
c:\users\tamari\documents\github\kjinseisaku\2dgame\2dgame\x64\release\main.obj
c:\users\tamari\documents\github\kjinseisaku\2dgame\2dgame\x64\release\goal.obj
c:\users\tamari\documents\github\kjinseisaku\2dgame\2dgame\x64\release\enemythrower.obj
c:\users\tamari\documents\github\kjinseisaku\2dgame\2dgame\x64\release\enemyshot.obj
c:\users\tamari\documents\github\kjinseisaku\2dgame\2dgame\x64\release\enemy.obj
c:\users\tamari\documents\github\kjinseisaku\2dgame\2dgame\x64\release\character.obj
c:\users\tamari\documents\github\kjinseisaku\2dgame\2dgame\x64\release\bg.obj
c:\users\tamari\documents\github\kjinseisaku\2dgame\x64\release\2dgame.exe
c:\users\tamari\documents\github\kjinseisaku\2dgame\x64\release\2dgame.pdb
c:\users\tamari\documents\github\kjinseisaku\2dgame\2dgame\x64\release\2dgame.ipdb
c:\users\tamari\documents\github\kjinseisaku\2dgame\2dgame\x64\release\2dgame.iobj
c:\users\tamari\documents\github\kjinseisaku\2dgame\2dgame\x64\release\2dgame.tlog\cl.command.1.tlog
c:\users\tamari\documents\github\kjinseisaku\2dgame\2dgame\x64\release\2dgame.tlog\cl.items.tlog
c:\users\tamari\documents\github\kjinseisaku\2dgame\2dgame\x64\release\2dgame.tlog\cl.read.1.tlog
c:\users\tamari\documents\github\kjinseisaku\2dgame\2dgame\x64\release\2dgame.tlog\cl.write.1.tlog
c:\users\tamari\documents\github\kjinseisaku\2dgame\2dgame\x64\release\2dgame.tlog\link.command.1.tlog
c:\users\tamari\documents\github\kjinseisaku\2dgame\2dgame\x64\release\2dgame.tlog\link.read.1.tlog
c:\users\tamari\documents\github\kjinseisaku\2dgame\2dgame\x64\release\2dgame.tlog\link.secondary.1.tlog
c:\users\tamari\documents\github\kjinseisaku\2dgame\2dgame\x64\release\2dgame.tlog\link.write.1.tlog
